// Jest Snapshot v1, https://goo.gl/fbAQLP

exports[`AdvertPage snapshot test 1`] = `[Function]`;
